     0.031 annblackbox-custom-firmware-installer; mode=original; platform=Windows AMD64; Python=3.12.15
     0.031 FWSC SHA256=c0fef191b860d3b20f77fc492a24986eef2d12df44bb5e38355684820e26cb08; wrapper=BlackBox_020; slots=20; payload=700416
     0.266 Native helper preflight (no MIDI): exit=64; SHA256=cbda7a95e506cdeefbe39e9718106586147f2ee9857a83e0509644e349591e3b
     0.266 Connecting to BlackBox…
     0.297 Pre-install identity: BlackBox_020; ports=('USB-Midi 0', 'USB-Midi 1')
     0.297 Checking V20 firmware with the device…
     2.297 MIDI request flash=0 address=0x00000000 length=512
     2.297 MIDI request flash=0 address=0x00000200 length=512
     2.313 MIDI request flash=0 address=0x00000400 length=512
     2.313 MIDI request flash=0 address=0x00000400 length=512
     2.328 MIDI request flash=0 address=0x00004400 length=512
     2.328 MIDI request flash=0 address=0x00000400 length=32
     2.344 MIDI request flash=0 address=0x00000400 length=512
     2.344 MIDI request flash=0 address=0x00004400 length=32
     2.360 MIDI request flash=0 address=0x000A47FF length=32
    32.360 Traceback (most recent call last):
  File "C:\Users\mdeath\Downloads\annblackbox-custom-firmware-installer-main\annblackbox-custom-firmware-installer-main\blackbox\core.py", line 911, in run
    self.prepare_midi(connection, firmware)
  File "C:\Users\mdeath\Downloads\annblackbox-custom-firmware-installer-main\annblackbox-custom-firmware-installer-main\blackbox\core.py", line 730, in prepare_midi
    flash, address, length = upload_request(connection.receive(30))
                                            ^^^^^^^^^^^^^^^^^^^^^^
  File "C:\Users\mdeath\Downloads\annblackbox-custom-firmware-installer-main\annblackbox-custom-firmware-installer-main\blackbox\core.py", line 554, in receive
    raise InstallerError("USB-MIDI reply timed out.")
blackbox.resources.InstallerError: USB-MIDI reply timed out.

